%7 is a useless load
%23 is a useless load
%189 is a useless load
%294 is a useless load
%308 is a useless load
%341 is a useless load
%352 is a useless load
%364 is a useless load
%387 is a useless load
%430 is a useless load
