%162 is redundant
%167 is redundant

%230 is redundant

%249 is redundant

%280 is redundant

