
FUNCTION main

BASIC BLOCK entry
%1:	alloca	 XXX
%2:	alloca	 XXX
%3:	alloca	 XXX
%4:	store	 XXX %1
%5:	load	 %1
%6:	add	 %5 XXX
%7:	store	 %6 %2
%8:	load	 %2
%9:	add	 %8 XXX
%10:	store	 %9 %3
%11:	ret	 XXX
